#
# There is insufficient memory for the Java Runtime Environment to continue.
# Native memory allocation (mmap) failed to map 32505856 bytes. Error detail: G1 virtual space
# Possible reasons:
#   The system is out of physical RAM or swap space
#   This process is running with CompressedOops enabled, and the Java Heap may be blocking the growth of the native heap
# Possible solutions:
#   Reduce memory load on the system
#   Increase physical memory or swap space
#   Check if swap backing store is full
#   Decrease Java heap size (-Xmx/-Xms)
#   Decrease number of Java threads
#   Decrease Java thread stack sizes (-Xss)
#   Set larger code cache with -XX:ReservedCodeCacheSize=
#   JVM is running with Unscaled Compressed Oops mode in which the Java heap is
#     placed in the first 4GB address space. The Java Heap base address is the
#     maximum limit for the native heap growth. Please use -XX:HeapBaseMinAddress
#     to set the Java Heap base and to place the Java Heap above 4GB virtual address.
# This output file may be truncated or incomplete.
#
#  Out of Memory Error (os_windows.cpp:3703), pid=17996, tid=19148
#
# JRE version: Java(TM) SE Runtime Environment (23.0.1+11) (build 23.0.1+11-39)
# Java VM: Java HotSpot(TM) 64-Bit Server VM (23.0.1+11-39, mixed mode, sharing, tiered, compressed oops, compressed class ptrs, g1 gc, windows-amd64)
# No core dump will be written. Minidumps are not enabled by default on client versions of Windows
#

---------------  S U M M A R Y ------------

Command Line: --enable-native-access=ALL-UNNAMED -Dclassworlds.conf=D:\apache-maven-3.9.11-bin\apache-maven-3.9.11\bin\m2.conf -Dmaven.home=D:\apache-maven-3.9.11-bin\apache-maven-3.9.11 -Dlibrary.jansi.path=D:\apache-maven-3.9.11-bin\apache-maven-3.9.11\lib\jansi-native -Dmaven.multiModuleProjectDirectory=D:\project tour travel\backend\tours-and-travels-backend-master org.codehaus.plexus.classworlds.launcher.Launcher clean package -DskipTests

Host: AMD Ryzen 5 5625U with Radeon Graphics         , 12 cores, 7G,  Windows 11 , 64 bit Build 22621 (10.0.22621.5415)
Time: Mon Oct  6 19:48:30 2025 India Standard Time elapsed time: 8.049220 seconds (0d 0h 0m 8s)

---------------  T H R E A D  ---------------

Current thread (0x000001ca67e1ed90):  VMThread "VM Thread"          [id=19148, stack(0x00000096f7c00000,0x00000096f7d00000) (1024K)]

Stack: [0x00000096f7c00000,0x00000096f7d00000]
Native frames: (J=compiled Java code, j=interpreted, Vv=VM code, C=native code)
V  [jvm.dll+0x6e08b9]  (no source info available)
V  [jvm.dll+0x87dc83]  (no source info available)
V  [jvm.dll+0x88010e]  (no source info available)
V  [jvm.dll+0x8807e3]  (no source info available)
V  [jvm.dll+0x27aee6]  (no source info available)
V  [jvm.dll+0x6dd1c5]  (no source info available)
V  [jvm.dll+0x6d104a]  (no source info available)
V  [jvm.dll+0x35b3ea]  (no source info available)
V  [jvm.dll+0x3637f6]  (no source info available)
V  [jvm.dll+0x34fd5e]  (no source info available)
V  [jvm.dll+0x34fff8]  (no source info available)
V  [jvm.dll+0x3289cc]  (no source info available)
V  [jvm.dll+0x328a5a]  (no source info available)
V  [jvm.dll+0x374c92]  (no source info available)
V  [jvm.dll+0x373392]  (no source info available)
V  [jvm.dll+0x3281a7]  (no source info available)
V  [jvm.dll+0x372b44]  (no source info available)
V  [jvm.dll+0x886720]  (no source info available)
V  [jvm.dll+0x887a47]  (no source info available)
V  [jvm.dll+0x887f78]  (no source info available)
V  [jvm.dll+0x888213]  (no source info available)
V  [jvm.dll+0x824f8b]  (no source info available)
V  [jvm.dll+0x6df065]  (no source info available)
C  [ucrtbase.dll+0x29333]  (no source info available)
C  [KERNEL32.DLL+0x1259d]  (no source info available)
C  [ntdll.dll+0x5af78]  (no source info available)

VM_Operation (0x00000096f75fd3a0): G1CollectForAllocation, mode: safepoint, requested by thread 0x000001ca48c80e70


---------------  P R O C E S S  ---------------

Threads class SMR info:
_java_thread_list=0x000001ca681d7fd0, length=13, elements={
0x000001ca48c80e70, 0x000001ca67e34920, 0x000001ca67e357f0, 0x000001ca67e37b60,
0x000001ca67e38840, 0x000001ca67e42970, 0x000001ca67e47220, 0x000001ca67e48c60,
0x000001ca67e4bce0, 0x000001ca45153600, 0x000001ca45156cb0, 0x000001ca466ad220,
0x000001ca47b4e3d0
}

Java Threads: ( => current thread )
  0x000001ca48c80e70 JavaThread "main"                              [_thread_blocked, id=16344, stack(0x00000096f7500000,0x00000096f7600000) (1024K)]
  0x000001ca67e34920 JavaThread "Reference Handler"          daemon [_thread_blocked, id=5300, stack(0x00000096f7d00000,0x00000096f7e00000) (1024K)]
  0x000001ca67e357f0 JavaThread "Finalizer"                  daemon [_thread_blocked, id=868, stack(0x00000096f7e00000,0x00000096f7f00000) (1024K)]
  0x000001ca67e37b60 JavaThread "Signal Dispatcher"          daemon [_thread_blocked, id=23040, stack(0x00000096f7f00000,0x00000096f8000000) (1024K)]
  0x000001ca67e38840 JavaThread "Attach Listener"            daemon [_thread_blocked, id=20328, stack(0x00000096f8000000,0x00000096f8100000) (1024K)]
  0x000001ca67e42970 JavaThread "Service Thread"             daemon [_thread_blocked, id=21260, stack(0x00000096f8100000,0x00000096f8200000) (1024K)]
  0x000001ca67e47220 JavaThread "Monitor Deflation Thread"   daemon [_thread_blocked, id=8228, stack(0x00000096f8200000,0x00000096f8300000) (1024K)]
  0x000001ca67e48c60 JavaThread "C2 CompilerThread0"         daemon [_thread_blocked, id=14640, stack(0x00000096f8300000,0x00000096f8400000) (1024K)]
  0x000001ca67e4bce0 JavaThread "C1 CompilerThread0"         daemon [_thread_blocked, id=20356, stack(0x00000096f8400000,0x00000096f8500000) (1024K)]
  0x000001ca45153600 JavaThread "Notification Thread"        daemon [_thread_blocked, id=18736, stack(0x00000096f8500000,0x00000096f8600000) (1024K)]
  0x000001ca45156cb0 JavaThread "Common-Cleaner"             daemon [_thread_blocked, id=4356, stack(0x00000096f8600000,0x00000096f8700000) (1024K)]
  0x000001ca466ad220 JavaThread "Thread-1"                   daemon [_thread_blocked, id=19920, stack(0x00000096f9100000,0x00000096f9200000) (1024K)]
  0x000001ca47b4e3d0 JavaThread "C2 CompilerThread1"         daemon [_thread_in_native, id=12832, stack(0x00000096f9300000,0x00000096f9400000) (1024K)]
Total: 13

Other Threads:
=>0x000001ca67e1ed90 VMThread "VM Thread"                           [id=19148, stack(0x00000096f7c00000,0x00000096f7d00000) (1024K)]
  0x000001ca67e07ab0 WatcherThread "VM Periodic Task Thread"        [id=22428, stack(0x00000096f7b00000,0x00000096f7c00000) (1024K)]
  0x000001ca4b0e0fd0 WorkerThread "GC Thread#0"                     [id=13084, stack(0x00000096f7600000,0x00000096f7700000) (1024K)]
  0x000001ca4624d440 WorkerThread "GC Thread#1"                     [id=22380, stack(0x00000096f8800000,0x00000096f8900000) (1024K)]
  0x000001ca45db79d0 WorkerThread "GC Thread#2"                     [id=24960, stack(0x00000096f8900000,0x00000096f8a00000) (1024K)]
  0x000001ca45db7d80 WorkerThread "GC Thread#3"                     [id=9032, stack(0x00000096f8a00000,0x00000096f8b00000) (1024K)]
  0x000001ca460280d0 WorkerThread "GC Thread#4"                     [id=1444, stack(0x00000096f8b00000,0x00000096f8c00000) (1024K)]
  0x000001ca460290b0 WorkerThread "GC Thread#5"                     [id=2364, stack(0x00000096f8c00000,0x00000096f8d00000) (1024K)]
  0x000001ca46029460 WorkerThread "GC Thread#6"                     [id=22864, stack(0x00000096f8d00000,0x00000096f8e00000) (1024K)]
  0x000001ca46029810 WorkerThread "GC Thread#7"                     [id=3556, stack(0x00000096f8e00000,0x00000096f8f00000) (1024K)]
  0x000001ca462a24a0 WorkerThread "GC Thread#8"                     [id=5168, stack(0x00000096f8f00000,0x00000096f9000000) (1024K)]
  0x000001ca462a3360 WorkerThread "GC Thread#9"                     [id=19488, stack(0x00000096f9000000,0x00000096f9100000) (1024K)]
  0x000001ca4b0f46f0 ConcurrentGCThread "G1 Main Marker"            [id=5060, stack(0x00000096f7700000,0x00000096f7800000) (1024K)]
  0x000001ca4b0f58b0 WorkerThread "G1 Conc#0"                       [id=13140, stack(0x00000096f7800000,0x00000096f7900000) (1024K)]
  0x000001ca46567660 WorkerThread "G1 Conc#1"                       [id=21536, stack(0x00000096f8700000,0x00000096f8800000) (1024K)]
  0x000001ca46569030 WorkerThread "G1 Conc#2"                       [id=16860, stack(0x00000096f9200000,0x00000096f9300000) (1024K)]
  0x000001ca4b14e720 ConcurrentGCThread "G1 Refine#0"               [id=22812, stack(0x00000096f7900000,0x00000096f7a00000) (1024K)]
  0x000001ca67cd9780 ConcurrentGCThread "G1 Service"                [id=17220, stack(0x00000096f7a00000,0x00000096f7b00000) (1024K)]
Total: 18

Threads with active compile tasks:
C2 CompilerThread0  8112 7230       4       lombok.core.AST::buildWithField (21 bytes)
C1 CompilerThread0  8112 8321       2       com.sun.tools.javac.tree.TreeInfo$DeclScanner::visitVarDef (18 bytes)
C2 CompilerThread1  8112 7981       4       lombok.core.AST::buildWithCollection (128 bytes)
Total: 3

VM state: at safepoint (normal execution)

VM Mutex/Monitor currently owned by a thread:  ([mutex/lock_event])
[0x00007ffb73d33910] Threads_lock - owner thread: 0x000001ca67e1ed90
[0x00007ffb73d33a10] Heap_lock - owner thread: 0x000001ca48c80e70

Heap address: 0x000000008a600000, size: 1882 MB, Compressed Oops mode: 32-bit

CDS archive(s) mapped at: [0x000001ca00000000-0x000001ca00d70000-0x000001ca00d70000), size 14090240, SharedBaseAddress: 0x000001ca00000000, ArchiveRelocationMode: 1.
Compressed class space mapped at: 0x000001ca01000000-0x000001ca41000000, reserved size: 1073741824
Narrow klass base: 0x000001ca00000000, Narrow klass shift: 0, Narrow klass range: 0x41000000

GC Precious Log:
 CardTable entry size: 512
 Card Set container configuration: InlinePtr #cards 5 size 8 Array Of Cards #cards 10 size 36 Howl #buckets 4 coarsen threshold 1843 Howl Bitmap #cards 512 size 80 coarsen threshold 460 Card regions per heap region 1 cards per card region 2048
 CPUs: 12 total, 12 available
 Memory: 7520M
 Large Page Support: Disabled
 NUMA Support: Disabled
 Compressed Oops: Enabled (32-bit)
 Heap Region Size: 1M
 Heap Min Capacity: 8M
 Heap Initial Capacity: 118M
 Heap Max Capacity: 1882M
 Pre-touch: Disabled
 Parallel Workers: 10
 Concurrent Workers: 3
 Concurrent Refinement Workers: 10
 Periodic GC: Disabled

Heap:
 garbage-first heap   total reserved 1927168K, committed 109568K, used 44231K [0x000000008a600000, 0x0000000100000000)
  region size 1024K, 3 young (3072K), 3 survivors (3072K)
 Metaspace       used 30186K, committed 30720K, reserved 1114112K
  class space    used 3503K, committed 3776K, reserved 1048576K

Heap Regions: E=young(eden), S=young(survivor), O=old, HS=humongous(starts), HC=humongous(continues), CS=collection set, F=free, TAMS=top-at-mark-start, PB=parsable bottom
|   0|0x000000008a600000, 0x000000008a700000, 0x000000008a700000|100%| O|  |TAMS 0x000000008a600000| PB 0x000000008a600000| Untracked |  0
|   1|0x000000008a700000, 0x000000008a800000, 0x000000008a800000|100%| O|  |TAMS 0x000000008a700000| PB 0x000000008a700000| Untracked |  0
|   2|0x000000008a800000, 0x000000008a900000, 0x000000008a900000|100%| O|  |TAMS 0x000000008a800000| PB 0x000000008a800000| Untracked |  0
|   3|0x000000008a900000, 0x000000008aa00000, 0x000000008aa00000|100%| O|  |TAMS 0x000000008a900000| PB 0x000000008a900000| Untracked |  0
|   4|0x000000008aa00000, 0x000000008ab00000, 0x000000008ab00000|100%| O|  |TAMS 0x000000008aa00000| PB 0x000000008aa00000| Untracked |  0
|   5|0x000000008ab00000, 0x000000008ac00000, 0x000000008ac00000|100%| O|  |TAMS 0x000000008ab00000| PB 0x000000008ab00000| Untracked |  0
|   6|0x000000008ac00000, 0x000000008ad00000, 0x000000008ad00000|100%| O|  |TAMS 0x000000008ac00000| PB 0x000000008ac00000| Untracked |  0
|   7|0x000000008ad00000, 0x000000008ae00000, 0x000000008ae00000|100%| O|  |TAMS 0x000000008ad00000| PB 0x000000008ad00000| Untracked |  0
|   8|0x000000008ae00000, 0x000000008af00000, 0x000000008af00000|100%| O|  |TAMS 0x000000008ae00000| PB 0x000000008ae00000| Untracked |  0
|   9|0x000000008af00000, 0x000000008b000000, 0x000000008b000000|100%| O|  |TAMS 0x000000008af00000| PB 0x000000008af00000| Untracked |  0
|  10|0x000000008b000000, 0x000000008b100000, 0x000000008b100000|100%| O|  |TAMS 0x000000008b000000| PB 0x000000008b000000| Untracked |  0
|  11|0x000000008b100000, 0x000000008b1b51e0, 0x000000008b200000| 70%| O|  |TAMS 0x000000008b100000| PB 0x000000008b100000| Untracked |  0
|  12|0x000000008b200000, 0x000000008b300000, 0x000000008b300000|100%| O|  |TAMS 0x000000008b200000| PB 0x000000008b200000| Untracked |  0
|  13|0x000000008b300000, 0x000000008b400000, 0x000000008b400000|100%| O|  |TAMS 0x000000008b300000| PB 0x000000008b300000| Untracked |  0
|  14|0x000000008b400000, 0x000000008b500000, 0x000000008b500000|100%|HS|  |TAMS 0x000000008b400000| PB 0x000000008b400000| Complete |  0
|  15|0x000000008b500000, 0x000000008b600000, 0x000000008b600000|100%|HC|  |TAMS 0x000000008b500000| PB 0x000000008b500000| Complete |  0
|  16|0x000000008b600000, 0x000000008b700000, 0x000000008b700000|100%| O|  |TAMS 0x000000008b600000| PB 0x000000008b600000| Untracked |  0
|  17|0x000000008b700000, 0x000000008b800000, 0x000000008b800000|100%| O|  |TAMS 0x000000008b700000| PB 0x000000008b700000| Untracked |  0
|  18|0x000000008b800000, 0x000000008b900000, 0x000000008b900000|100%| O|  |TAMS 0x000000008b800000| PB 0x000000008b800000| Untracked |  0
|  19|0x000000008b900000, 0x000000008ba00000, 0x000000008ba00000|100%| O|  |TAMS 0x000000008b900000| PB 0x000000008b900000| Untracked |  0
|  20|0x000000008ba00000, 0x000000008bb00000, 0x000000008bb00000|100%| O|  |TAMS 0x000000008ba00000| PB 0x000000008ba00000| Untracked |  0
|  21|0x000000008bb00000, 0x000000008bc00000, 0x000000008bc00000|100%| O|  |TAMS 0x000000008bb00000| PB 0x000000008bb00000| Untracked |  0
|  22|0x000000008bc00000, 0x000000008bd00000, 0x000000008bd00000|100%| O|  |TAMS 0x000000008bc00000| PB 0x000000008bc00000| Untracked |  0
|  23|0x000000008bd00000, 0x000000008be00000, 0x000000008be00000|100%| O|  |TAMS 0x000000008bd00000| PB 0x000000008bd00000| Untracked |  0
|  24|0x000000008be00000, 0x000000008bf00000, 0x000000008bf00000|100%| O|  |TAMS 0x000000008be00000| PB 0x000000008be00000| Untracked |  0
|  25|0x000000008bf00000, 0x000000008c000000, 0x000000008c000000|100%| O|  |TAMS 0x000000008bf00000| PB 0x000000008bf00000| Untracked |  0
|  26|0x000000008c000000, 0x000000008c100000, 0x000000008c100000|100%| O|  |TAMS 0x000000008c000000| PB 0x000000008c000000| Untracked |  0
|  27|0x000000008c100000, 0x000000008c1c66a0, 0x000000008c200000| 77%| O|  |TAMS 0x000000008c100000| PB 0x000000008c100000| Untracked |  0
|  28|0x000000008c200000, 0x000000008c200000, 0x000000008c300000|  0%| F|  |TAMS 0x000000008c200000| PB 0x000000008c200000| Untracked |  0
|  29|0x000000008c300000, 0x000000008c300000, 0x000000008c400000|  0%| F|  |TAMS 0x000000008c300000| PB 0x000000008c300000| Untracked |  0
|  30|0x000000008c400000, 0x000000008c400000, 0x000000008c500000|  0%| F|  |TAMS 0x000000008c400000| PB 0x000000008c400000| Untracked |  0
|  31|0x000000008c500000, 0x000000008c500000, 0x000000008c600000|  0%| F|  |TAMS 0x000000008c500000| PB 0x000000008c500000| Untracked |  0
|  32|0x000000008c600000, 0x000000008c600000, 0x000000008c700000|  0%| F|  |TAMS 0x000000008c600000| PB 0x000000008c600000| Untracked |  0
|  33|0x000000008c700000, 0x000000008c700000, 0x000000008c800000|  0%| F|  |TAMS 0x000000008c700000| PB 0x000000008c700000| Untracked |  0
|  34|0x000000008c800000, 0x000000008c800000, 0x000000008c900000|  0%| F|  |TAMS 0x000000008c800000| PB 0x000000008c800000| Untracked |  0
|  35|0x000000008c900000, 0x000000008c900000, 0x000000008ca00000|  0%| F|  |TAMS 0x000000008c900000| PB 0x000000008c900000| Untracked |  0
|  36|0x000000008ca00000, 0x000000008ca00000, 0x000000008cb00000|  0%| F|  |TAMS 0x000000008ca00000| PB 0x000000008ca00000| Untracked |  0
|  37|0x000000008cb00000, 0x000000008cb00000, 0x000000008cc00000|  0%| F|  |TAMS 0x000000008cb00000| PB 0x000000008cb00000| Untracked |  0
|  38|0x000000008cc00000, 0x000000008cc00000, 0x000000008cd00000|  0%| F|  |TAMS 0x000000008cc00000| PB 0x000000008cc00000| Untracked |  0
|  39|0x000000008cd00000, 0x000000008cd00000, 0x000000008ce00000|  0%| F|  |TAMS 0x000000008cd00000| PB 0x000000008cd00000| Untracked |  0
|  40|0x000000008ce00000, 0x000000008ce00000, 0x000000008cf00000|  0%| F|  |TAMS 0x000000008ce00000| PB 0x000000008ce00000| Untracked |  0
|  41|0x000000008cf00000, 0x000000008cf00000, 0x000000008d000000|  0%| F|  |TAMS 0x000000008cf00000| PB 0x000000008cf00000| Untracked |  0
|  42|0x000000008d000000, 0x000000008d000000, 0x000000008d100000|  0%| F|  |TAMS 0x000000008d000000| PB 0x000000008d000000| Untracked |  0
|  43|0x000000008d100000, 0x000000008d100000, 0x000000008d200000|  0%| F|  |TAMS 0x000000008d100000| PB 0x000000008d100000| Untracked |  0
|  44|0x000000008d200000, 0x000000008d2b6390, 0x000000008d300000| 71%| S|CS|TAMS 0x000000008d200000| PB 0x000000008d200000| Complete |  0
|  45|0x000000008d300000, 0x000000008d400000, 0x000000008d400000|100%| S|CS|TAMS 0x000000008d300000| PB 0x000000008d300000| Complete |  0
|  46|0x000000008d400000, 0x000000008d500000, 0x000000008d500000|100%| S|CS|TAMS 0x000000008d400000| PB 0x000000008d400000| Complete |  0
|  47|0x000000008d500000, 0x000000008d500000, 0x000000008d600000|  0%| F|  |TAMS 0x000000008d500000| PB 0x000000008d500000| Untracked |  0
|  48|0x000000008d600000, 0x000000008d600000, 0x000000008d700000|  0%| F|  |TAMS 0x000000008d600000| PB 0x000000008d600000| Untracked |  0
|  49|0x000000008d700000, 0x000000008d700000, 0x000000008d800000|  0%| F|  |TAMS 0x000000008d700000| PB 0x000000008d700000| Untracked |  0
|  50|0x000000008d800000, 0x000000008d800000, 0x000000008d900000|  0%| F|  |TAMS 0x000000008d800000| PB 0x000000008d800000| Untracked |  0
|  51|0x000000008d900000, 0x000000008d900000, 0x000000008da00000|  0%| F|  |TAMS 0x000000008d900000| PB 0x000000008d900000| Untracked |  0
|  52|0x000000008da00000, 0x000000008da00000, 0x000000008db00000|  0%| F|  |TAMS 0x000000008da00000| PB 0x000000008da00000| Untracked |  0
|  53|0x000000008db00000, 0x000000008db00000, 0x000000008dc00000|  0%| F|  |TAMS 0x000000008db00000| PB 0x000000008db00000| Untracked |  0
|  54|0x000000008dc00000, 0x000000008dc00000, 0x000000008dd00000|  0%| F|  |TAMS 0x000000008dc00000| PB 0x000000008dc00000| Untracked |  0
|  55|0x000000008dd00000, 0x000000008dd00000, 0x000000008de00000|  0%| F|  |TAMS 0x000000008dd00000| PB 0x000000008dd00000| Untracked |  0
|  56|0x000000008de00000, 0x000000008de00000, 0x000000008df00000|  0%| F|  |TAMS 0x000000008de00000| PB 0x000000008de00000| Untracked |  0
|  57|0x000000008df00000, 0x000000008df00000, 0x000000008e000000|  0%| F|  |TAMS 0x000000008df00000| PB 0x000000008df00000| Untracked |  0
|  58|0x000000008e000000, 0x000000008e000000, 0x000000008e100000|  0%| F|  |TAMS 0x000000008e000000| PB 0x000000008e000000| Untracked |  0
|  59|0x000000008e100000, 0x000000008e100000, 0x000000008e200000|  0%| F|  |TAMS 0x000000008e100000| PB 0x000000008e100000| Untracked |  0
|  60|0x000000008e200000, 0x000000008e200000, 0x000000008e300000|  0%| F|  |TAMS 0x000000008e200000| PB 0x000000008e200000| Untracked |  0
|  61|0x000000008e300000, 0x000000008e300000, 0x000000008e400000|  0%| F|  |TAMS 0x000000008e300000| PB 0x000000008e300000| Untracked |  0
|  62|0x000000008e400000, 0x000000008e400000, 0x000000008e500000|  0%| F|  |TAMS 0x000000008e400000| PB 0x000000008e400000| Untracked |  0
|  63|0x000000008e500000, 0x000000008e500000, 0x000000008e600000|  0%| F|  |TAMS 0x000000008e500000| PB 0x000000008e500000| Untracked |  0
|  64|0x000000008e600000, 0x000000008e600000, 0x000000008e700000|  0%| F|  |TAMS 0x000000008e600000| PB 0x000000008e600000| Untracked |  0
|  65|0x000000008e700000, 0x000000008e700000, 0x000000008e800000|  0%| F|  |TAMS 0x000000008e700000| PB 0x000000008e700000| Untracked |  0
|  66|0x000000008e800000, 0x000000008e800000, 0x000000008e900000|  0%| F|  |TAMS 0x000000008e800000| PB 0x000000008e800000| Untracked |  0
|  67|0x000000008e900000, 0x000000008e900000, 0x000000008ea00000|  0%| F|  |TAMS 0x000000008e900000| PB 0x000000008e900000| Untracked |  0
|  68|0x000000008ea00000, 0x000000008ea00000, 0x000000008eb00000|  0%| F|  |TAMS 0x000000008ea00000| PB 0x000000008ea00000| Untracked |  0
|  69|0x000000008eb00000, 0x000000008eb00000, 0x000000008ec00000|  0%| F|  |TAMS 0x000000008eb00000| PB 0x000000008eb00000| Untracked |  0
|  70|0x000000008ec00000, 0x000000008ec00000, 0x000000008ed00000|  0%| F|  |TAMS 0x000000008ec00000| PB 0x000000008ec00000| Untracked |  0
|  71|0x000000008ed00000, 0x000000008ed00000, 0x000000008ee00000|  0%| F|  |TAMS 0x000000008ed00000| PB 0x000000008ed00000| Untracked |  0
|  72|0x000000008ee00000, 0x000000008ee00000, 0x000000008ef00000|  0%| F|  |TAMS 0x000000008ee00000| PB 0x000000008ee00000| Untracked |  0
|  73|0x000000008ef00000, 0x000000008ef00000, 0x000000008f000000|  0%| F|  |TAMS 0x000000008ef00000| PB 0x000000008ef00000| Untracked |  0
|  74|0x000000008f000000, 0x000000008f000000, 0x000000008f100000|  0%| F|  |TAMS 0x000000008f000000| PB 0x000000008f000000| Untracked |  0
|  75|0x000000008f100000, 0x000000008f100000, 0x000000008f200000|  0%| F|  |TAMS 0x000000008f100000| PB 0x000000008f100000| Untracked |  0
|  76|0x000000008f200000, 0x000000008f200000, 0x000000008f300000|  0%| F|  |TAMS 0x000000008f200000| PB 0x000000008f200000| Untracked |  0
|  77|0x000000008f300000, 0x000000008f300000, 0x000000008f400000|  0%| F|  |TAMS 0x000000008f300000| PB 0x000000008f300000| Untracked |  0
|  78|0x000000008f400000, 0x000000008f400000, 0x000000008f500000|  0%| F|  |TAMS 0x000000008f400000| PB 0x000000008f400000| Untracked |  0
|  79|0x000000008f500000, 0x000000008f500000, 0x000000008f600000|  0%| F|  |TAMS 0x000000008f500000| PB 0x000000008f500000| Untracked |  0
|  80|0x000000008f600000, 0x000000008f600000, 0x000000008f700000|  0%| F|  |TAMS 0x000000008f600000| PB 0x000000008f600000| Untracked |  0
|  81|0x000000008f700000, 0x000000008f700000, 0x000000008f800000|  0%| F|  |TAMS 0x000000008f700000| PB 0x000000008f700000| Untracked |  0
|  82|0x000000008f800000, 0x000000008f800000, 0x000000008f900000|  0%| F|  |TAMS 0x000000008f800000| PB 0x000000008f800000| Untracked |  0
|  83|0x000000008f900000, 0x000000008f900000, 0x000000008fa00000|  0%| F|  |TAMS 0x000000008f900000| PB 0x000000008f900000| Untracked |  0
|  84|0x000000008fa00000, 0x000000008fa00000, 0x000000008fb00000|  0%| F|  |TAMS 0x000000008fa00000| PB 0x000000008fa00000| Untracked |  0
|  85|0x000000008fb00000, 0x000000008fb00000, 0x000000008fc00000|  0%| F|  |TAMS 0x000000008fb00000| PB 0x000000008fb00000| Untracked |  0
|  86|0x000000008fc00000, 0x000000008fc00000, 0x000000008fd00000|  0%| F|  |TAMS 0x000000008fc00000| PB 0x000000008fc00000| Untracked |  0
|  87|0x000000008fd00000, 0x000000008fd00000, 0x000000008fe00000|  0%| F|  |TAMS 0x000000008fd00000| PB 0x000000008fd00000| Untracked |  0
|  88|0x000000008fe00000, 0x000000008fe00000, 0x000000008ff00000|  0%| F|  |TAMS 0x000000008fe00000| PB 0x000000008fe00000| Untracked |  0
|  89|0x000000008ff00000, 0x000000008ff00000, 0x0000000090000000|  0%| F|  |TAMS 0x000000008ff00000| PB 0x000000008ff00000| Untracked |  0
|  90|0x0000000090000000, 0x0000000090000000, 0x0000000090100000|  0%| F|  |TAMS 0x0000000090000000| PB 0x0000000090000000| Untracked |  0
|  91|0x0000000090100000, 0x0000000090100000, 0x0000000090200000|  0%| F|  |TAMS 0x0000000090100000| PB 0x0000000090100000| Untracked |  0
|  92|0x0000000090200000, 0x0000000090200000, 0x0000000090300000|  0%| F|  |TAMS 0x0000000090200000| PB 0x0000000090200000| Untracked |  0
| 141|0x0000000093300000, 0x0000000093300000, 0x0000000093400000|  0%| F|  |TAMS 0x0000000093300000| PB 0x0000000093300000| Untracked |  0
|1869|0x00000000ff300000, 0x00000000ff400000, 0x00000000ff400000|100%| O|  |TAMS 0x00000000ff300000| PB 0x00000000ff300000| Untracked |  0
|1870|0x00000000ff400000, 0x00000000ff500000, 0x00000000ff500000|100%| O|  |TAMS 0x00000000ff400000| PB 0x00000000ff400000| Untracked |  0
|1871|0x00000000ff500000, 0x00000000ff600000, 0x00000000ff600000|100%| O|  |TAMS 0x00000000ff500000| PB 0x00000000ff500000| Untracked |  0
|1872|0x00000000ff600000, 0x00000000ff700000, 0x00000000ff700000|100%| O|  |TAMS 0x00000000ff600000| PB 0x00000000ff600000| Untracked |  0
|1873|0x00000000ff700000, 0x00000000ff800000, 0x00000000ff800000|100%| O|  |TAMS 0x00000000ff700000| PB 0x00000000ff700000| Untracked |  0
|1874|0x00000000ff800000, 0x00000000ff900000, 0x00000000ff900000|100%| O|  |TAMS 0x00000000ff800000| PB 0x00000000ff800000| Untracked |  0
|1875|0x00000000ff900000, 0x00000000ffa00000, 0x00000000ffa00000|100%| O|  |TAMS 0x00000000ff900000| PB 0x00000000ff900000| Untracked |  0
|1876|0x00000000ffa00000, 0x00000000ffb00000, 0x00000000ffb00000|100%| O|  |TAMS 0x00000000ffa00000| PB 0x00000000ffa00000| Untracked |  0
|1877|0x00000000ffb00000, 0x00000000ffc00000, 0x00000000ffc00000|100%| O|  |TAMS 0x00000000ffb00000| PB 0x00000000ffb00000| Untracked |  0
|1878|0x00000000ffc00000, 0x00000000ffd00000, 0x00000000ffd00000|100%| O|  |TAMS 0x00000000ffc00000| PB 0x00000000ffc00000| Untracked |  0
|1879|0x00000000ffd00000, 0x00000000ffe00000, 0x00000000ffe00000|100%| O|  |TAMS 0x00000000ffd00000| PB 0x00000000ffd00000| Untracked |  0
|1880|0x00000000ffe00000, 0x00000000fff00000, 0x00000000fff00000|100%| O|  |TAMS 0x00000000ffe00000| PB 0x00000000ffe00000| Untracked |  0
|1881|0x00000000fff00000, 0x0000000100000000, 0x0000000100000000|100%| O|  |TAMS 0x00000000fff00000| PB 0x00000000fff00000| Untracked |  0

Card table byte_map: [0x000001ca630c0000,0x000001ca63470000] _byte_map_base: 0x000001ca62c6d000

Marking Bits: (CMBitMap*) 0x000001ca4b0e15f0
 Bits: [0x000001ca63470000, 0x000001ca651d8000)

Polling page: 0x000001ca48f50000

Metaspace:

Usage:
  Non-class:     26.06 MB used.
      Class:      3.42 MB used.
       Both:     29.48 MB used.

Virtual space:
  Non-class space:       64.00 MB reserved,      26.31 MB ( 41%) committed,  1 nodes.
      Class space:        1.00 GB reserved,       3.69 MB ( <1%) committed,  1 nodes.
             Both:        1.06 GB reserved,      30.00 MB (  3%) committed. 

Chunk freelists:
   Non-Class:  4.95 MB
       Class:  12.22 MB
        Both:  17.17 MB

MaxMetaspaceSize: unlimited
CompressedClassSpaceSize: 1.00 GB
Initial GC threshold: 21.00 MB
Current GC threshold: 35.31 MB
CDS: on
 - commit_granule_bytes: 65536.
 - commit_granule_words: 8192.
 - virtual_space_node_default_size: 8388608.
 - enlarge_chunks_in_place: 1.
 - use_allocation_guard: 0.


Internal statistics:

num_allocs_failed_limit: 3.
num_arena_births: 582.
num_arena_deaths: 0.
num_vsnodes_births: 2.
num_vsnodes_deaths: 0.
num_space_committed: 480.
num_space_uncommitted: 0.
num_chunks_returned_to_freelist: 3.
num_chunks_taken_from_freelist: 1716.
num_chunk_merges: 3.
num_chunk_splits: 1209.
num_chunks_enlarged: 883.
num_inconsistent_stats: 0.

CodeHeap 'non-profiled nmethods': size=120064Kb used=2800Kb max_used=2800Kb free=117263Kb
 bounds [0x000001ca5b280000, 0x000001ca5b540000, 0x000001ca627c0000]
CodeHeap 'profiled nmethods': size=120000Kb used=14016Kb max_used=14016Kb free=105983Kb
 bounds [0x000001ca537c0000, 0x000001ca54580000, 0x000001ca5acf0000]
CodeHeap 'non-nmethods': size=5696Kb used=1479Kb max_used=1541Kb free=4216Kb
 bounds [0x000001ca5acf0000, 0x000001ca5af60000, 0x000001ca5b280000]
CodeCache: size=245760Kb, used=18295Kb, max_used=18357Kb, free=227462Kb
 total_blobs=8792, nmethods=8223, adapters=473, full_count=0
Compilation: enabled, stopped_count=0, restarted_count=0

Compilation events (20 events):
Event: 8.033 Thread 0x000001ca67e4bce0 8311       3       com.sun.tools.javac.code.TypeAnnotations::annotationTargets (74 bytes)
Event: 8.034 Thread 0x000001ca67e4bce0 nmethod 8311 0x000001ca5456ac88 code [0x000001ca5456af00, 0x000001ca5456c160]
Event: 8.034 Thread 0x000001ca67e4bce0 8316       3       com.sun.tools.javac.util.List::from (37 bytes)
Event: 8.034 Thread 0x000001ca67e4bce0 nmethod 8316 0x000001ca5456c288 code [0x000001ca5456c3e0, 0x000001ca5456c868]
Event: 8.034 Thread 0x000001ca67e4bce0 8312       3       java.util.stream.ReduceOps::makeRef (24 bytes)
Event: 8.034 Thread 0x000001ca67e4bce0 nmethod 8312 0x000001ca5456c908 code [0x000001ca5456ca80, 0x000001ca5456d118]
Event: 8.034 Thread 0x000001ca67e4bce0 8313       3       java.util.stream.ReduceOps$1::makeSink (5 bytes)
Event: 8.035 Thread 0x000001ca67e4bce0 nmethod 8313 0x000001ca5456d188 code [0x000001ca5456d2a0, 0x000001ca5456d3f8]
Event: 8.035 Thread 0x000001ca67e4bce0 8314       3       java.util.stream.ReduceOps$1::makeSink (20 bytes)
Event: 8.035 Thread 0x000001ca67e4bce0 nmethod 8314 0x000001ca5456d488 code [0x000001ca5456d5c0, 0x000001ca5456d960]
Event: 8.035 Thread 0x000001ca67e4bce0 8317       2       com.sun.tools.javac.code.TypeAnnotations$$Lambda/0x000001ca01358648::run (16 bytes)
Event: 8.035 Thread 0x000001ca67e4bce0 nmethod 8317 0x000001ca5456d988 code [0x000001ca5456daa0, 0x000001ca5456dbd8]
Event: 8.035 Thread 0x000001ca67e4bce0 8318   !   2       com.sun.tools.javac.code.TypeAnnotations::lambda$organizeTypeAnnotationsSignatures$0 (55 bytes)
Event: 8.035 Thread 0x000001ca67e4bce0 nmethod 8318 0x000001ca5456dc88 code [0x000001ca5456de40, 0x000001ca5456e6c8]
Event: 8.037 Thread 0x000001ca67e4bce0 8319       3       com.sun.tools.javac.comp.Attr$TypeAnnotationsValidator::visitAnnotation (19 bytes)
Event: 8.037 Thread 0x000001ca67e4bce0 nmethod 8319 0x000001ca5456e788 code [0x000001ca5456e8e0, 0x000001ca5456ed70]
Event: 8.037 Thread 0x000001ca67e4bce0 8320       3       com.sun.tools.javac.comp.Check::validateTypeAnnotation (75 bytes)
Event: 8.038 Thread 0x000001ca67e4bce0 nmethod 8320 0x000001ca5456ee08 code [0x000001ca5456f000, 0x000001ca5456fbc8]
Event: 8.038 Thread 0x000001ca67e4bce0 8321       2       com.sun.tools.javac.tree.TreeInfo$DeclScanner::visitVarDef (18 bytes)
Event: 8.038 Thread 0x000001ca67e4bce0 nmethod 8321 0x000001ca5456fc88 code [0x000001ca5456fde0, 0x000001ca545700a0]

GC Heap History (19 events):
Event: 0.938 GC heap before
{Heap before GC invocations=0 (full 0):
 garbage-first heap   total reserved 1927168K, committed 120832K, used 24576K [0x000000008a600000, 0x0000000100000000)
  region size 1024K, 24 young (24576K), 0 survivors (0K)
 Metaspace       used 5858K, committed 6016K, reserved 1114112K
  class space    used 723K, committed 768K, reserved 1048576K
}
Event: 0.948 GC heap after
{Heap after GC invocations=1 (full 0):
 garbage-first heap   total reserved 1927168K, committed 120832K, used 3872K [0x000000008a600000, 0x0000000100000000)
  region size 1024K, 3 young (3072K), 3 survivors (3072K)
 Metaspace       used 5858K, committed 6016K, reserved 1114112K
  class space    used 723K, committed 768K, reserved 1048576K
}
Event: 1.349 GC heap before
{Heap before GC invocations=1 (full 0):
 garbage-first heap   total reserved 1927168K, committed 120832K, used 27424K [0x000000008a600000, 0x0000000100000000)
  region size 1024K, 26 young (26624K), 3 survivors (3072K)
 Metaspace       used 8486K, committed 8704K, reserved 1114112K
  class space    used 1036K, committed 1152K, reserved 1048576K
}
Event: 1.356 GC heap after
{Heap after GC invocations=2 (full 0):
 garbage-first heap   total reserved 1927168K, committed 120832K, used 5149K [0x000000008a600000, 0x0000000100000000)
  region size 1024K, 2 young (2048K), 2 survivors (2048K)
 Metaspace       used 8486K, committed 8704K, reserved 1114112K
  class space    used 1036K, committed 1152K, reserved 1048576K
}
Event: 2.711 GC heap before
{Heap before GC invocations=2 (full 0):
 garbage-first heap   total reserved 1927168K, committed 120832K, used 61469K [0x000000008a600000, 0x0000000100000000)
  region size 1024K, 58 young (59392K), 2 survivors (2048K)
 Metaspace       used 15598K, committed 15872K, reserved 1114112K
  class space    used 1920K, committed 2048K, reserved 1048576K
}
Event: 2.726 GC heap after
{Heap after GC invocations=3 (full 0):
 garbage-first heap   total reserved 1927168K, committed 120832K, used 12038K [0x000000008a600000, 0x0000000100000000)
  region size 1024K, 8 young (8192K), 8 survivors (8192K)
 Metaspace       used 15598K, committed 15872K, reserved 1114112K
  class space    used 1920K, committed 2048K, reserved 1048576K
}
Event: 3.496 GC heap before
{Heap before GC invocations=3 (full 0):
 garbage-first heap   total reserved 1927168K, committed 120832K, used 67334K [0x000000008a600000, 0x0000000100000000)
  region size 1024K, 62 young (63488K), 8 survivors (8192K)
 Metaspace       used 16225K, committed 16512K, reserved 1114112K
  class space    used 1950K, committed 2048K, reserved 1048576K
}
Event: 3.521 GC heap after
{Heap after GC invocations=4 (full 0):
 garbage-first heap   total reserved 1927168K, committed 120832K, used 16084K [0x000000008a600000, 0x0000000100000000)
  region size 1024K, 5 young (5120K), 5 survivors (5120K)
 Metaspace       used 16225K, committed 16512K, reserved 1114112K
  class space    used 1950K, committed 2048K, reserved 1048576K
}
Event: 4.977 GC heap before
{Heap before GC invocations=4 (full 0):
 garbage-first heap   total reserved 1927168K, committed 120832K, used 77524K [0x000000008a600000, 0x0000000100000000)
  region size 1024K, 62 young (63488K), 5 survivors (5120K)
 Metaspace       used 21178K, committed 21504K, reserved 1114112K
  class space    used 2551K, committed 2688K, reserved 1048576K
}
Event: 4.992 GC heap after
{Heap after GC invocations=5 (full 0):
 garbage-first heap   total reserved 1927168K, committed 145408K, used 25300K [0x000000008a600000, 0x0000000100000000)
  region size 1024K, 9 young (9216K), 9 survivors (9216K)
 Metaspace       used 21178K, committed 21504K, reserved 1114112K
  class space    used 2551K, committed 2688K, reserved 1048576K
}
Event: 6.128 GC heap before
{Heap before GC invocations=6 (full 0):
 garbage-first heap   total reserved 1927168K, committed 86016K, used 85716K [0x000000008a600000, 0x0000000100000000)
  region size 1024K, 68 young (69632K), 9 survivors (9216K)
 Metaspace       used 26793K, committed 27200K, reserved 1114112K
  class space    used 3148K, committed 3328K, reserved 1048576K
}
Event: 6.171 GC heap after
{Heap after GC invocations=7 (full 0):
 garbage-first heap   total reserved 1927168K, committed 109568K, used 37588K [0x000000008a600000, 0x0000000100000000)
  region size 1024K, 10 young (10240K), 10 survivors (10240K)
 Metaspace       used 26793K, committed 27200K, reserved 1114112K
  class space    used 3148K, committed 3328K, reserved 1048576K
}
Event: 7.022 GC heap before
{Heap before GC invocations=7 (full 0):
 garbage-first heap   total reserved 1927168K, committed 109568K, used 81620K [0x000000008a600000, 0x0000000100000000)
  region size 1024K, 54 young (55296K), 10 survivors (10240K)
 Metaspace       used 28943K, committed 29376K, reserved 1114112K
  class space    used 3380K, committed 3584K, reserved 1048576K
}
Event: 7.041 GC heap after
{Heap after GC invocations=8 (full 0):
 garbage-first heap   total reserved 1927168K, committed 109568K, used 40148K [0x000000008a600000, 0x0000000100000000)
  region size 1024K, 3 young (3072K), 3 survivors (3072K)
 Metaspace       used 28943K, committed 29376K, reserved 1114112K
  class space    used 3380K, committed 3584K, reserved 1048576K
}
Event: 7.517 GC heap before
{Heap before GC invocations=8 (full 0):
 garbage-first heap   total reserved 1927168K, committed 109568K, used 86228K [0x000000008a600000, 0x0000000100000000)
  region size 1024K, 48 young (49152K), 3 survivors (3072K)
 Metaspace       used 29904K, committed 30464K, reserved 1114112K
  class space    used 3494K, committed 3776K, reserved 1048576K
}
Event: 7.526 GC heap after
{Heap after GC invocations=9 (full 0):
 garbage-first heap   total reserved 1927168K, committed 109568K, used 41413K [0x000000008a600000, 0x0000000100000000)
  region size 1024K, 4 young (4096K), 4 survivors (4096K)
 Metaspace       used 29904K, committed 30464K, reserved 1114112K
  class space    used 3494K, committed 3776K, reserved 1048576K
}
Event: 7.754 GC heap before
{Heap before GC invocations=9 (full 0):
 garbage-first heap   total reserved 1927168K, committed 109568K, used 89541K [0x000000008a600000, 0x0000000100000000)
  region size 1024K, 51 young (52224K), 4 survivors (4096K)
 Metaspace       used 30063K, committed 30592K, reserved 1114112K
  class space    used 3502K, committed 3776K, reserved 1048576K
}
Event: 7.766 GC heap after
{Heap after GC invocations=10 (full 0):
 garbage-first heap   total reserved 1927168K, committed 109568K, used 43732K [0x000000008a600000, 0x0000000100000000)
  region size 1024K, 4 young (4096K), 4 survivors (4096K)
 Metaspace       used 30063K, committed 30592K, reserved 1114112K
  class space    used 3502K, committed 3776K, reserved 1048576K
}
Event: 8.038 GC heap before
{Heap before GC invocations=10 (full 0):
 garbage-first heap   total reserved 1927168K, committed 109568K, used 91860K [0x000000008a600000, 0x0000000100000000)
  region size 1024K, 51 young (52224K), 4 survivors (4096K)
 Metaspace       used 30186K, committed 30720K, reserved 1114112K
  class space    used 3503K, committed 3776K, reserved 1048576K
}

Dll operation events (8 events):
Event: 0.011 Loaded shared library C:\Program Files\Java\jdk-23\bin\java.dll
Event: 0.075 Loaded shared library C:\Program Files\Java\jdk-23\bin\jsvml.dll
Event: 0.102 Loaded shared library C:\Program Files\Java\jdk-23\bin\net.dll
Event: 0.104 Loaded shared library C:\Program Files\Java\jdk-23\bin\nio.dll
Event: 0.109 Loaded shared library C:\Program Files\Java\jdk-23\bin\zip.dll
Event: 0.307 Loaded shared library C:\Program Files\Java\jdk-23\bin\jimage.dll
Event: 0.309 Loaded shared library D:\apache-maven-3.9.11-bin\apache-maven-3.9.11\lib\jansi-native\Windows\x86_64\jansi.dll
Event: 0.329 Loaded shared library C:\Program Files\Java\jdk-23\bin\verify.dll

Deoptimization events (20 events):
Event: 7.849 Thread 0x000001ca48c80e70 Uncommon trap: trap_request=0xffffffc6 fr.pc=0x000001ca5b51e674 relative=0x0000000000000a34
Event: 7.849 Thread 0x000001ca48c80e70 Uncommon trap: reason=bimorphic_or_optimized_type_check action=maybe_recompile pc=0x000001ca5b51e674 method=java.util.HashMap.computeIfAbsent(Ljava/lang/Object;Ljava/util/function/Function;)Ljava/lang/Object; @ 142 c2
Event: 7.849 Thread 0x000001ca48c80e70 DEOPT PACKING pc=0x000001ca5b51e674 sp=0x00000096f75fcd90
Event: 7.849 Thread 0x000001ca48c80e70 DEOPT UNPACKING pc=0x000001ca5ad44402 sp=0x00000096f75fcd48 mode 2
Event: 7.849 Thread 0x000001ca48c80e70 Uncommon trap: trap_request=0xffffffc6 fr.pc=0x000001ca5b51e674 relative=0x0000000000000a34
Event: 7.849 Thread 0x000001ca48c80e70 Uncommon trap: reason=bimorphic_or_optimized_type_check action=maybe_recompile pc=0x000001ca5b51e674 method=java.util.HashMap.computeIfAbsent(Ljava/lang/Object;Ljava/util/function/Function;)Ljava/lang/Object; @ 142 c2
Event: 7.849 Thread 0x000001ca48c80e70 DEOPT PACKING pc=0x000001ca5b51e674 sp=0x00000096f75fcd90
Event: 7.849 Thread 0x000001ca48c80e70 DEOPT UNPACKING pc=0x000001ca5ad44402 sp=0x00000096f75fcd48 mode 2
Event: 7.850 Thread 0x000001ca48c80e70 Uncommon trap: trap_request=0xffffffc6 fr.pc=0x000001ca5b51e674 relative=0x0000000000000a34
Event: 7.850 Thread 0x000001ca48c80e70 Uncommon trap: reason=bimorphic_or_optimized_type_check action=maybe_recompile pc=0x000001ca5b51e674 method=java.util.HashMap.computeIfAbsent(Ljava/lang/Object;Ljava/util/function/Function;)Ljava/lang/Object; @ 142 c2
Event: 7.850 Thread 0x000001ca48c80e70 DEOPT PACKING pc=0x000001ca5b51e674 sp=0x00000096f75fcd90
Event: 7.850 Thread 0x000001ca48c80e70 DEOPT UNPACKING pc=0x000001ca5ad44402 sp=0x00000096f75fcd48 mode 2
Event: 7.850 Thread 0x000001ca48c80e70 Uncommon trap: trap_request=0xffffffc6 fr.pc=0x000001ca5b51e674 relative=0x0000000000000a34
Event: 7.850 Thread 0x000001ca48c80e70 Uncommon trap: reason=bimorphic_or_optimized_type_check action=maybe_recompile pc=0x000001ca5b51e674 method=java.util.HashMap.computeIfAbsent(Ljava/lang/Object;Ljava/util/function/Function;)Ljava/lang/Object; @ 142 c2
Event: 7.850 Thread 0x000001ca48c80e70 DEOPT PACKING pc=0x000001ca5b51e674 sp=0x00000096f75fcd90
Event: 7.850 Thread 0x000001ca48c80e70 DEOPT UNPACKING pc=0x000001ca5ad44402 sp=0x00000096f75fcd48 mode 2
Event: 7.891 Thread 0x000001ca48c80e70 DEOPT PACKING pc=0x000001ca542e1ae3 sp=0x00000096f75fd340
Event: 7.891 Thread 0x000001ca48c80e70 DEOPT UNPACKING pc=0x000001ca5ad44b22 sp=0x00000096f75fc828 mode 0
Event: 7.900 Thread 0x000001ca48c80e70 DEOPT PACKING pc=0x000001ca542e1ae3 sp=0x00000096f75fd340
Event: 7.900 Thread 0x000001ca48c80e70 DEOPT UNPACKING pc=0x000001ca5ad44b22 sp=0x00000096f75fc828 mode 0

Classes loaded (20 events):
Event: 6.651 Loading class java/io/PushbackInputStream
Event: 6.651 Loading class java/io/PushbackInputStream done
Event: 6.865 Loading class java/util/Collections$UnmodifiableSortedSet
Event: 6.865 Loading class java/util/Collections$UnmodifiableSortedSet done
Event: 6.878 Loading class java/util/IdentityHashMap$EntrySet
Event: 6.879 Loading class java/util/IdentityHashMap$EntrySet done
Event: 6.879 Loading class java/util/IdentityHashMap$EntryIterator
Event: 6.879 Loading class java/util/IdentityHashMap$EntryIterator done
Event: 6.879 Loading class java/util/IdentityHashMap$EntryIterator$Entry
Event: 6.879 Loading class java/util/IdentityHashMap$EntryIterator$Entry done
Event: 6.901 Loading class java/util/regex/Pattern$Caret
Event: 6.901 Loading class java/util/regex/Pattern$Caret done
Event: 7.098 Loading class java/util/regex/Pattern$SliceI
Event: 7.098 Loading class java/util/regex/Pattern$SliceI done
Event: 7.099 Loading class java/util/regex/Pattern$Loop
Event: 7.100 Loading class java/util/regex/Pattern$Loop done
Event: 7.100 Loading class java/util/regex/Pattern$Prolog
Event: 7.100 Loading class java/util/regex/Pattern$Prolog done
Event: 7.179 Loading class java/util/regex/Pattern$LazyLoop
Event: 7.179 Loading class java/util/regex/Pattern$LazyLoop done

Classes unloaded (0 events):
No events

Classes redefined (0 events):
No events

Internal exceptions (20 events):
Event: 7.146 Thread 0x000001ca48c80e70 Exception <a 'sun/nio/fs/WindowsException'{0x000000008f9d52b0}> (0x000000008f9d52b0) 
thrown [s\open\src\hotspot\share\prims\jni.cpp, line 520]
Event: 7.146 Thread 0x000001ca48c80e70 Exception <a 'sun/nio/fs/WindowsException'{0x000000008f9d7390}> (0x000000008f9d7390) 
thrown [s\open\src\hotspot\share\prims\jni.cpp, line 520]
Event: 7.146 Thread 0x000001ca48c80e70 Exception <a 'sun/nio/fs/WindowsException'{0x000000008f9db178}> (0x000000008f9db178) 
thrown [s\open\src\hotspot\share\prims\jni.cpp, line 520]
Event: 7.146 Thread 0x000001ca48c80e70 Exception <a 'sun/nio/fs/WindowsException'{0x000000008f9dbed0}> (0x000000008f9dbed0) 
thrown [s\open\src\hotspot\share\prims\jni.cpp, line 520]
Event: 7.150 Thread 0x000001ca48c80e70 Exception <a 'java/lang/NoSuchMethodError'{0x000000008f9fd810}: 'java.lang.Object java.lang.invoke.DirectMethodHandle$Holder.invokeVirtual(java.lang.Object, java.lang.Object, java.lang.Object, java.lang.Object, java.lang.Object, java.lang.Object)'> (0x000000008f9fd810) 
thrown [s\open\src\hotspot\share\interpreter\linkResolver.cpp, line 796]
Event: 7.152 Thread 0x000001ca48c80e70 Implicit null exception at 0x000001ca5b436ccd to 0x000001ca5b436e40
Event: 7.153 Thread 0x000001ca48c80e70 Exception <a 'java/lang/NoSuchMethodError'{0x000000008f8200a8}: 'void java.lang.invoke.DirectMethodHandle$Holder.invokeVirtual(java.lang.Object, java.lang.Object, java.lang.Object, java.lang.Object)'> (0x000000008f8200a8) 
thrown [s\open\src\hotspot\share\interpreter\linkResolver.cpp, line 796]
Event: 7.157 Thread 0x000001ca48c80e70 Exception <a 'java/lang/NoSuchMethodError'{0x000000008f853d30}: 'java.lang.Object java.lang.invoke.DirectMethodHandle$Holder.invokeVirtual(java.lang.Object, java.lang.Object, long, java.lang.Object)'> (0x000000008f853d30) 
thrown [s\open\src\hotspot\share\interpreter\linkResolver.cpp, line 796]
Event: 7.158 Thread 0x000001ca48c80e70 Exception <a 'java/lang/NoSuchMethodError'{0x000000008f857c58}: 'java.lang.Object java.lang.invoke.DirectMethodHandle$Holder.invokeSpecial(java.lang.Object, java.lang.Object, java.lang.Object, long, java.lang.Object)'> (0x000000008f857c58) 
thrown [s\open\src\hotspot\share\interpreter\linkResolver.cpp, line 796]
Event: 7.158 Thread 0x000001ca48c80e70 Exception <a 'java/lang/NoSuchMethodError'{0x000000008f85b940}: 'java.lang.Object java.lang.invoke.DelegatingMethodHandle$Holder.reinvoke_L(java.lang.Object, java.lang.Object, long, java.lang.Object)'> (0x000000008f85b940) 
thrown [s\open\src\hotspot\share\interpreter\linkResolver.cpp, line 796]
Event: 7.159 Thread 0x000001ca48c80e70 Exception <a 'java/lang/NoSuchMethodError'{0x000000008f8703f8}: 'java.lang.Object java.lang.invoke.DirectMethodHandle$Holder.invokeVirtual(java.lang.Object, java.lang.Object, java.lang.Object, java.lang.Object, java.lang.Object, java.lang.Object, java.lang.Object, java.lang.Object, java.lang.Object, java.lang.Object)'> (0x000000008f8703f8) 
thrown [s\open\src\hotspot\share\interpreter\linkResolver.cpp, line 796]
Event: 7.192 Thread 0x000001ca48c80e70 Exception <a 'java/lang/NoSuchMethodError'{0x000000008f63c8e8}: 'java.lang.Object java.lang.invoke.DirectMethodHandle$Holder.invokeVirtual(java.lang.Object, java.lang.Object, java.lang.Object, java.lang.Object, java.lang.Object, java.lang.Object, java.lang.Object)'> (0x000000008f63c8e8) 
thrown [s\open\src\hotspot\share\interpreter\linkResolver.cpp, line 796]
Event: 7.199 Thread 0x000001ca48c80e70 Exception <a 'java/lang/NoSuchMethodError'{0x000000008f67d758}: 'java.lang.Object java.lang.invoke.DirectMethodHandle$Holder.invokeVirtual(java.lang.Object, java.lang.Object, java.lang.Object, java.lang.Object, java.lang.Object)'> (0x000000008f67d758) 
thrown [s\open\src\hotspot\share\interpreter\linkResolver.cpp, line 796]
Event: 7.391 Thread 0x000001ca48c80e70 Exception <a 'java/lang/NoSuchMethodError'{0x000000008e4f58a0}: 'int java.lang.invoke.Invokers$Holder.invokeExact_MT(java.lang.Object, java.lang.Object, java.lang.Object)'> (0x000000008e4f58a0) 
thrown [s\open\src\hotspot\share\interpreter\linkResolver.cpp, line 796]
Event: 7.742 Thread 0x000001ca48c80e70 Exception <a 'sun/nio/fs/WindowsException'{0x000000008d7ef568}> (0x000000008d7ef568) 
thrown [s\open\src\hotspot\share\prims\jni.cpp, line 520]
Event: 7.742 Thread 0x000001ca48c80e70 Exception <a 'sun/nio/fs/WindowsException'{0x000000008d7eff60}> (0x000000008d7eff60) 
thrown [s\open\src\hotspot\share\prims\jni.cpp, line 520]
Event: 7.742 Thread 0x000001ca48c80e70 Exception <a 'sun/nio/fs/WindowsException'{0x000000008d7f09d0}> (0x000000008d7f09d0) 
thrown [s\open\src\hotspot\share\prims\jni.cpp, line 520]
Event: 7.908 Thread 0x000001ca48c80e70 Exception <a 'sun/nio/fs/WindowsException'{0x000000008e9d1b50}> (0x000000008e9d1b50) 
thrown [s\open\src\hotspot\share\prims\jni.cpp, line 520]
Event: 7.908 Thread 0x000001ca48c80e70 Exception <a 'sun/nio/fs/WindowsException'{0x000000008e9d2548}> (0x000000008e9d2548) 
thrown [s\open\src\hotspot\share\prims\jni.cpp, line 520]
Event: 7.908 Thread 0x000001ca48c80e70 Exception <a 'sun/nio/fs/WindowsException'{0x000000008e9d2fb8}> (0x000000008e9d2fb8) 
thrown [s\open\src\hotspot\share\prims\jni.cpp, line 520]

VM Operations (20 events):
Event: 5.013 Executing VM operation: G1PauseRemark done
Event: 5.017 Executing VM operation: G1PauseCleanup
Event: 5.018 Executing VM operation: G1PauseCleanup done
Event: 5.768 Executing VM operation: HandshakeAllThreads (Deoptimize)
Event: 5.768 Executing VM operation: HandshakeAllThreads (Deoptimize) done
Event: 5.769 Executing VM operation: HandshakeAllThreads (Deoptimize)
Event: 5.769 Executing VM operation: HandshakeAllThreads (Deoptimize) done
Event: 6.128 Executing VM operation: G1CollectForAllocation (G1 Evacuation Pause)
Event: 6.171 Executing VM operation: G1CollectForAllocation (G1 Evacuation Pause) done
Event: 6.272 Executing VM operation: HandshakeAllThreads (Deoptimize)
Event: 6.272 Executing VM operation: HandshakeAllThreads (Deoptimize) done
Event: 7.022 Executing VM operation: G1CollectForAllocation (G1 Evacuation Pause)
Event: 7.041 Executing VM operation: G1CollectForAllocation (G1 Evacuation Pause) done
Event: 7.187 Executing VM operation: HandshakeAllThreads (Deoptimize)
Event: 7.187 Executing VM operation: HandshakeAllThreads (Deoptimize) done
Event: 7.517 Executing VM operation: G1CollectForAllocation (G1 Evacuation Pause)
Event: 7.526 Executing VM operation: G1CollectForAllocation (G1 Evacuation Pause) done
Event: 7.754 Executing VM operation: G1CollectForAllocation (G1 Evacuation Pause)
Event: 7.766 Executing VM operation: G1CollectForAllocation (G1 Evacuation Pause) done
Event: 8.038 Executing VM operation: G1CollectForAllocation (G1 Evacuation Pause)

Memory protections (0 events):
No events

Nmethod flushes (0 events):
No events

Events (17 events):
Event: 0.055 Thread 0x000001ca48c80e70 Thread added: 0x000001ca48c80e70
Event: 0.069 Thread 0x000001ca48c80e70 Thread added: 0x000001ca67e34920
Event: 0.069 Thread 0x000001ca48c80e70 Thread added: 0x000001ca67e357f0
Event: 0.070 Thread 0x000001ca48c80e70 Thread added: 0x000001ca67e37b60
Event: 0.070 Thread 0x000001ca48c80e70 Thread added: 0x000001ca67e38840
Event: 0.070 Thread 0x000001ca48c80e70 Thread added: 0x000001ca67e42970
Event: 0.070 Thread 0x000001ca48c80e70 Thread added: 0x000001ca67e47220
Event: 0.071 Thread 0x000001ca48c80e70 Thread added: 0x000001ca67e48c60
Event: 0.071 Thread 0x000001ca48c80e70 Thread added: 0x000001ca67e4bce0
Event: 0.095 Thread 0x000001ca48c80e70 Thread added: 0x000001ca45153600
Event: 0.098 Thread 0x000001ca48c80e70 Thread added: 0x000001ca45156cb0
Event: 0.305 Thread 0x000001ca48c80e70 Thread added: 0x000001ca45377660
Event: 0.319 Thread 0x000001ca45377660 Thread exited: 0x000001ca45377660
Event: 0.480 Thread 0x000001ca67e4bce0 Thread added: 0x000001ca45835110
Event: 2.073 Thread 0x000001ca48c80e70 Thread added: 0x000001ca466ad220
Event: 4.003 Thread 0x000001ca45835110 Thread exited: 0x000001ca45835110
Event: 7.534 Thread 0x000001ca67e4bce0 Thread added: 0x000001ca47b4e3d0


Dynamic libraries:
0x00007ff63e3f0000 - 0x00007ff63e400000 	C:\Program Files\Java\jdk-23\bin\java.exe
0x00007ffc4aa10000 - 0x00007ffc4ac27000 	C:\windows\SYSTEM32\ntdll.dll
0x00007ffc4a090000 - 0x00007ffc4a154000 	C:\windows\System32\KERNEL32.DLL
0x00007ffc47bb0000 - 0x00007ffc47f82000 	C:\windows\System32\KERNELBASE.dll
0x00007ffc48390000 - 0x00007ffc484a1000 	C:\windows\System32\ucrtbase.dll
0x00007ffc3ec70000 - 0x00007ffc3ec87000 	C:\Program Files\Java\jdk-23\bin\jli.dll
0x00007ffc3ea00000 - 0x00007ffc3ea1b000 	C:\Program Files\Java\jdk-23\bin\VCRUNTIME140.dll
0x00007ffc48780000 - 0x00007ffc48931000 	C:\windows\System32\USER32.dll
0x00007ffc47b00000 - 0x00007ffc47b26000 	C:\windows\System32\win32u.dll
0x00007ffc2a9d0000 - 0x00007ffc2ac6b000 	C:\windows\WinSxS\amd64_microsoft.windows.common-controls_6595b64144ccf1df_6.0.22621.5547_none_27104afb73855772\COMCTL32.dll
0x00007ffc48720000 - 0x00007ffc48749000 	C:\windows\System32\GDI32.dll
0x00007ffc4a8b0000 - 0x00007ffc4a957000 	C:\windows\System32\msvcrt.dll
0x00007ffc48570000 - 0x00007ffc48693000 	C:\windows\System32\gdi32full.dll
0x00007ffc48010000 - 0x00007ffc480aa000 	C:\windows\System32\msvcp_win.dll
0x00007ffc49f90000 - 0x00007ffc49fc1000 	C:\windows\System32\IMM32.DLL
0x00007ffc43140000 - 0x00007ffc4314c000 	C:\Program Files\Java\jdk-23\bin\vcruntime140_1.dll
0x00007ffbd6410000 - 0x00007ffbd649e000 	C:\Program Files\Java\jdk-23\bin\msvcp140.dll
0x00007ffb730c0000 - 0x00007ffb73e0f000 	C:\Program Files\Java\jdk-23\bin\server\jvm.dll
0x00007ffc49540000 - 0x00007ffc495f1000 	C:\windows\System32\ADVAPI32.dll
0x00007ffc49480000 - 0x00007ffc49528000 	C:\windows\System32\sechost.dll
0x00007ffc481f0000 - 0x00007ffc48218000 	C:\windows\System32\bcrypt.dll
0x00007ffc491a0000 - 0x00007ffc492b4000 	C:\windows\System32\RPCRT4.dll
0x00007ffc4a830000 - 0x00007ffc4a8a1000 	C:\windows\System32\WS2_32.dll
0x00007ffc47370000 - 0x00007ffc473bd000 	C:\windows\SYSTEM32\POWRPROF.dll
0x00007ffc42260000 - 0x00007ffc42294000 	C:\windows\SYSTEM32\WINMM.dll
0x00007ffc3e440000 - 0x00007ffc3e44a000 	C:\windows\SYSTEM32\VERSION.dll
0x00007ffc47350000 - 0x00007ffc47363000 	C:\windows\SYSTEM32\UMPDC.dll
0x00007ffc46b00000 - 0x00007ffc46b18000 	C:\windows\SYSTEM32\kernel.appcore.dll
0x00007ffc42160000 - 0x00007ffc4216a000 	C:\Program Files\Java\jdk-23\bin\jimage.dll
0x00007ffc3ea20000 - 0x00007ffc3ec53000 	C:\windows\SYSTEM32\DBGHELP.DLL
0x00007ffc4a490000 - 0x00007ffc4a823000 	C:\windows\System32\combase.dll
0x00007ffc49eb0000 - 0x00007ffc49f87000 	C:\windows\System32\OLEAUT32.dll
0x00007ffc2a430000 - 0x00007ffc2a462000 	C:\windows\SYSTEM32\dbgcore.DLL
0x00007ffc47f90000 - 0x00007ffc4800b000 	C:\windows\System32\bcryptPrimitives.dll
0x00007ffc3e9e0000 - 0x00007ffc3e9fe000 	C:\Program Files\Java\jdk-23\bin\java.dll
0x00007ffc49000000 - 0x00007ffc491a0000 	C:\windows\System32\ole32.dll
0x00007ffc49600000 - 0x00007ffc49ea2000 	C:\windows\System32\SHELL32.dll
0x00007ffc480b0000 - 0x00007ffc481ef000 	C:\windows\System32\wintypes.dll
0x00007ffc459a0000 - 0x00007ffc462bd000 	C:\windows\SYSTEM32\windows.storage.dll
0x00007ffc49370000 - 0x00007ffc4947c000 	C:\windows\System32\SHCORE.dll
0x00007ffc4a960000 - 0x00007ffc4a9c9000 	C:\windows\System32\shlwapi.dll
0x00007ffc47a30000 - 0x00007ffc47a5b000 	C:\windows\SYSTEM32\profapi.dll
0x00007ffbd6330000 - 0x00007ffbd6407000 	C:\Program Files\Java\jdk-23\bin\jsvml.dll
0x00007ffc3e9c0000 - 0x00007ffc3e9d0000 	C:\Program Files\Java\jdk-23\bin\net.dll
0x00007ffc46fe0000 - 0x00007ffc47049000 	C:\windows\system32\mswsock.dll
0x00007ffc3e9a0000 - 0x00007ffc3e9b6000 	C:\Program Files\Java\jdk-23\bin\nio.dll
0x00007ffc27e70000 - 0x00007ffc27e87000 	C:\Program Files\Java\jdk-23\bin\zip.dll
0x00007ffc24930000 - 0x00007ffc24954000 	D:\apache-maven-3.9.11-bin\apache-maven-3.9.11\lib\jansi-native\Windows\x86_64\jansi.dll
0x00007ffc3e990000 - 0x00007ffc3e9a0000 	C:\Program Files\Java\jdk-23\bin\verify.dll
0x00007ffc46c80000 - 0x00007ffc46cb4000 	C:\windows\SYSTEM32\ntmarta.dll

dbghelp: loaded successfully - version: 4.0.5 - missing functions: none
symbol engine: initialized successfully - sym options: 0x614 - pdb path: .;C:\Program Files\Java\jdk-23\bin;C:\windows\SYSTEM32;C:\windows\WinSxS\amd64_microsoft.windows.common-controls_6595b64144ccf1df_6.0.22621.5547_none_27104afb73855772;C:\Program Files\Java\jdk-23\bin\server;D:\apache-maven-3.9.11-bin\apache-maven-3.9.11\lib\jansi-native\Windows\x86_64

VM Arguments:
jvm_args: --enable-native-access=ALL-UNNAMED -Dclassworlds.conf=D:\apache-maven-3.9.11-bin\apache-maven-3.9.11\bin\m2.conf -Dmaven.home=D:\apache-maven-3.9.11-bin\apache-maven-3.9.11 -Dlibrary.jansi.path=D:\apache-maven-3.9.11-bin\apache-maven-3.9.11\lib\jansi-native -Dmaven.multiModuleProjectDirectory=D:\project tour travel\backend\tours-and-travels-backend-master 
java_command: org.codehaus.plexus.classworlds.launcher.Launcher clean package -DskipTests
java_class_path (initial): D:\apache-maven-3.9.11-bin\apache-maven-3.9.11\boot\plexus-classworlds-2.9.0.jar
Launcher Type: SUN_STANDARD

[Global flags]
     intx CICompilerCount                          = 4                                         {product} {ergonomic}
     uint ConcGCThreads                            = 3                                         {product} {ergonomic}
     uint G1ConcRefinementThreads                  = 10                                        {product} {ergonomic}
   size_t G1HeapRegionSize                         = 1048576                                   {product} {ergonomic}
   size_t InitialHeapSize                          = 123731968                                 {product} {ergonomic}
   size_t MarkStackSize                            = 4194304                                   {product} {ergonomic}
   size_t MarkStackSizeMax                         = 536870912                                 {product} {ergonomic}
   size_t MaxHeapSize                              = 1973420032                                {product} {ergonomic}
   size_t MaxNewSize                               = 1183842304                                {product} {ergonomic}
   size_t MinHeapDeltaBytes                        = 1048576                                   {product} {ergonomic}
   size_t MinHeapSize                              = 8388608                                   {product} {ergonomic}
    uintx NonNMethodCodeHeapSize                   = 5832704                                {pd product} {ergonomic}
    uintx NonProfiledCodeHeapSize                  = 122945536                              {pd product} {ergonomic}
    uintx ProfiledCodeHeapSize                     = 122880000                              {pd product} {ergonomic}
    uintx ReservedCodeCacheSize                    = 251658240                              {pd product} {ergonomic}
     bool SegmentedCodeCache                       = true                                      {product} {ergonomic}
   size_t SoftMaxHeapSize                          = 1973420032                             {manageable} {ergonomic}
     bool UseCompressedOops                        = true                           {product lp64_product} {ergonomic}
     bool UseG1GC                                  = true                                      {product} {ergonomic}
     bool UseLargePagesIndividualAllocation        = false                                  {pd product} {ergonomic}

Logging:
Log output configuration:
 #0: stdout all=warning uptime,level,tags foldmultilines=false
 #1: stderr all=off uptime,level,tags foldmultilines=false

Environment Variables:
PATH=C:\Python312\Scripts\;C:\Python312\;C:\Program Files\Common Files\Oracle\Java\javapath;C:\windows\system32;C:\windows;C:\windows\System32\Wbem;C:\MinGW\bin;C:\windows\System32\WindowsPowerShell\v1.0\;C:\windows\System32\OpenSSH\;C:\Program Files\dotnet\;C:\Program Files\Git\cmd;C:\Program Files\Git\mingw64\bin;C:\Program Files\Git\usr\bin;C:\Program Files\nodejs\;C:\ProgramData\chocolatey\bin;C:\Program Files\nodejs;C:\Program Files\Java\jdk-23\bin;C:\Program Files\Docker\Docker\resources\bin;D:\apache-maven-3.9.11-bin\apache-maven-3.9.11\bin;C:\Program Files\MongoDB\Server\8.2\bin;C:\Program Files\MySQL\MySQL Server 9.2\bin;C:\Users\HP\AppData\Local\Programs\Python\Python313\Scripts\;C:\Users\HP\AppData\Local\Programs\Python\Python313\;C:\Users\HP\AppData\Local\Microsoft\WindowsApps;C:\Users\HP\AppData\Local\Programs\Microsoft VS Code\bin;C:\Users\HP\AppData\Roaming\npm;C:\Program Files\nodejs;;C:\Program Files\JetBrains\IntelliJ IDEA 2024.3.2\bin;;C:\Program Files\mongosh\
USERNAME=HP
OS=Windows_NT
PROCESSOR_IDENTIFIER=AMD64 Family 25 Model 80 Stepping 0, AuthenticAMD
TMP=C:\Users\HP\AppData\Local\Temp
TEMP=C:\Users\HP\AppData\Local\Temp




Periodic native trim disabled

---------------  S Y S T E M  ---------------

OS:
 Windows 11 , 64 bit Build 22621 (10.0.22621.5415)
OS uptime: 0 days 19:35 hours
Hyper-V role detected

CPU: total 12 (initial active 12) (12 cores per cpu, 2 threads per core) family 25 model 80 stepping 0 microcode 0x0, cx8, cmov, fxsr, ht, mmx, 3dnowpref, sse, sse2, sse3, ssse3, sse4a, sse4.1, sse4.2, popcnt, lzcnt, tsc, tscinvbit, avx, avx2, aes, erms, clmul, bmi1, bmi2, adx, sha, fma, vzeroupper, clflush, clflushopt, hv, rdtscp, rdpid, fsrm, f16c, cet_ss
Processor Information for processor 0
  Max Mhz: 2301, Current Mhz: 1798, Mhz Limit: 2301
Processor Information for processor 1
  Max Mhz: 2301, Current Mhz: 1798, Mhz Limit: 2301
Processor Information for processor 2
  Max Mhz: 2301, Current Mhz: 1798, Mhz Limit: 2301
Processor Information for processor 3
  Max Mhz: 2301, Current Mhz: 2301, Mhz Limit: 2301
Processor Information for processor 4
  Max Mhz: 2301, Current Mhz: 1798, Mhz Limit: 2301
Processor Information for processor 5
  Max Mhz: 2301, Current Mhz: 1798, Mhz Limit: 2301
Processor Information for processor 6
  Max Mhz: 2301, Current Mhz: 2301, Mhz Limit: 2301
Processor Information for processor 7
  Max Mhz: 2301, Current Mhz: 1798, Mhz Limit: 2301
Processor Information for processor 8
  Max Mhz: 2301, Current Mhz: 2301, Mhz Limit: 2301
Processor Information for processor 9
  Max Mhz: 2301, Current Mhz: 1798, Mhz Limit: 2301
Processor Information for processor 10
  Max Mhz: 2301, Current Mhz: 2301, Mhz Limit: 2301
Processor Information for processor 11
  Max Mhz: 2301, Current Mhz: 2301, Mhz Limit: 2301

Memory: 4k page, system-wide physical 7520M (449M free)
TotalPageFile size 16078M (AvailPageFile size 37M)
current process WorkingSet (physical memory assigned to process): 279M, peak: 286M
current process commit charge ("private bytes"): 315M, peak: 351M

vm_info: Java HotSpot(TM) 64-Bit Server VM (23.0.1+11-39) for windows-amd64 JRE (23.0.1+11-39), built on 2024-09-30T07:20:43Z with MS VC++ 17.6 (VS2022)

END.
